Dump a REVISION file with the current sha1

Usage:
  gitlab-ci-helper dump-revision [flags]

Aliases:
  dump-revision, dump-rev

Flags:
  -f, --file string   The revision file
                      can also be defined with env var: REVISION_FILE (default "REVISION")
  -h, --help          help for dump-revision
  -r, --ref string    The sha1, default to env var: CI_COMMIT_SHA

Global Flags:
      --api-path string   gitlab api path
                          default to env var: GITLAB_API_PATH
                          or 'api_path' key in config file if exists,
                          otherwise: '/api/v4'
  -c, --config string     config file (default is .ci.yaml)
      --host string       gitlab host
                          default to env var: GITLAB_HOST
                          or 'host' key in config file if exists
      --no-color          disable color output
      --token string      gitlab token
                          default to env var: GITLAB_TOKEN
                          or 'token' key in config file if exists
  -v, --verbose           enable verbose mode
