Project environments commands

Usage:
  gitlab-ci-helper environments [command]

Aliases:
  environments, envs

Available Commands:
  add         Add a new project environment
  list        List project's environments
  remove      Remove a project environment

Flags:
  -h, --help                help for environments
  -p, --project-id string   project id
                            default to environment variable: CI_PROJECT_ID

Global Flags:
      --api-path string   gitlab api path
                          default to env var: GITLAB_API_PATH
                          or'api_path' key in config file if exists,
                          otherwise: '/api/v4'
  -c, --config string     config file (default is .ci.yaml)
      --host string       gitlab host
                          default to env var: GITLAB_HOST
                          or 'host' key in config file if exists
      --no-color          disable color output
      --token string      gitlab token
                          default to env var: GITLAB_TOKEN
                          or 'token' key in config file if exists

Use "gitlab-ci-helper environments [command] --help" for more information about a command.
