slack commands

Usage:
  gitlab-ci-helper slack [command]

Available Commands:
  status      Sends job status to slack

Flags:
  -h, --help                 help for slack
      --slack-token string   slack token
                             default to environment variable: SLACK_TOKEN
                             or 'x.slack.token' path in config file if exists

Global Flags:
      --api-path string   gitlab api path
                          default to env var: GITLAB_API_PATH
                          or'api_path' key in config file if exists,
                          otherwise: '/api/v4'
  -c, --config string     config file (default is .ci.yaml)
      --host string       gitlab host
                          default to env var: GITLAB_HOST
                          or 'host' key in config file if exists
      --no-color          disable color output
      --token string      gitlab token
                          default to env var: GITLAB_TOKEN
                          or 'token' key in config file if exists

Use "gitlab-ci-helper slack [command] --help" for more information about a command.
